Compiling lib\main.dart for the Web...                          
flutter : Wasm dry run succ
eeded. Consider building an
d testing your application 
with the `--wasm` flag. See
 docs for more info: https:
//docs.flutter.dev/platform
-integration/web/wasm
At line:1 char:1
+ flutter build web > build
_errors.txt 2>&1
+ ~~~~~~~~~~~~~~~~~~~~~~~~~
~~~~~~~~~~~~~~~~
    + CategoryInfo         
     : NotSpecified: (Was  
  m dry run su...ration/   
 web/wasm:String) [], R    
emoteException
    + FullyQualifiedErrorI 
   d : NativeCommandError
 
Use --no-wasm-dry-run to di
sable these warnings.
Target dart2js failed: Proc
essException: Process exite
d abnormally with exit code
 1:
lib/theme/app_theme.dart:25
:18:
Error: The argument type 'C
ardTheme' can't be assigned
 to the parameter type 'Car
dThemeData?'.
 - 'CardTheme' is from 'pac
kage:flutter/src/material/c
ard_theme.dart' ('/D:/downl
oad/Flutter/flutter_windows
_3.41.6-stable/flutter/pack
ages/flutter/lib/src/materi
al/card_theme.dart').
 - 'CardThemeData' is from 
'package:flutter/src/materi
al/card_theme.dart' ('/D:/d
ownload/Flutter/flutter_win
dows_3.41.6-stable/flutter/
packages/flutter/lib/src/ma
terial/card_theme.dart').
      cardTheme: CardTheme(
                 ^
Error: Compilation failed.
  Command: D:\download\Flut
ter\flutter_windows_3.41.6-
stable\flutter\bin\cache\da
rt-sdk\bin\dart.exe compile
 js --platform-binaries=D:\
download\Flutter\flutter_wi
ndows_3.41.6-stable\flutter
\bin\cache\flutter_web_sdk\
kernel --invoker=flutter_to
ol -Ddart.vm.product=true -
DFLUTTER_VERSION=3.41.6 -DF
LUTTER_CHANNEL=stable -DFLU
TTER_GIT_URL=https://github
.com/flutter/flutter.git -D
FLUTTER_FRAMEWORK_REVISION=
db50e20168 -DFLUTTER_ENGINE
_REVISION=425cfb54d0 -DFLUT
TER_DART_VERSION=3.11.4 -DF
LUTTER_WEB_USE_SKIA=true -D
FLUTTER_WEB_USE_SKWASM=fals
e -DFLUTTER_WEB_CANVASKIT_U
RL=https://www.gstatic.com/
flutter-canvaskit/425cfb54d
01a9472b3e81d9e76fd63a4a44c
fbcb/ --native-null-asserti
ons --no-source-maps -O4 --
minify -o E:\fly blue\.dart
_tool\flutter_build\0975c3a
5eb15b88c75896e4d27282117\a
pp.dill --packages=E:\fly b
lue\.dart_tool\package_conf
ig.json --cfe-only E:\fly b
lue\.dart_tool\flutter_buil
d\0975c3a5eb15b88c75896e4d2
7282117\main.dart
#0      RunResult.throwExce
ption (package:flutter_tool
s/src/base/process.dart:153
:5)
#1      _DefaultProcessUtil
s.run (package:flutter_tool
s/src/base/process.dart:379
:19)
<asynchronous suspension>
#2      Dart2JSTarget.build
 (package:flutter_tools/src
/build_system/targets/web.d
art:208:5)
<asynchronous suspension>
#3      _BuildInstance._inv
okeInternal (package:flutte
r_tools/src/build_system/bu
ild_system.dart:937:9)
<asynchronous suspension>
#4      Future.wait.<anonym
ous closure> (dart:async/fu
ture.dart:546:21)
<asynchronous suspension>
#5      _BuildInstance.invo
keTarget (package:flutter_t
ools/src/build_system/build
_system.dart:875:32)
<asynchronous suspension>
#6      Future.wait.<anonym
ous closure> (dart:async/fu
ture.dart:546:21)
<asynchronous suspension>
#7      _BuildInstance.invo
keTarget (package:flutter_t
ools/src/build_system/build
_system.dart:875:32)
<asynchronous suspension>
#8      FlutterBuildSystem.
build (package:flutter_tool
s/src/build_system/build_sy
stem.dart:684:16)
<asynchronous suspension>
#9      WebBuilder.buildWeb
 (package:flutter_tools/src
/web/compile.dart:107:34)
<asynchronous suspension>
#10     BuildWebCommand.run
Command (package:flutter_to
ols/src/commands/build_web.
dart:300:5)
<asynchronous suspension>
#11     FlutterCommand.run.
<anonymous closure> (packag
e:flutter_tools/src/runner/
flutter_command.dart:1590:2
7)
<asynchronous suspension>
#12     AppContext.run.<ano
nymous closure> (package:fl
utter_tools/src/base/contex
t.dart:154:19)
<asynchronous suspension>
#13     CommandRunner.runCo
mmand (package:args/command
_runner.dart:212:13)
<asynchronous suspension>
#14     FlutterCommandRunne
r.runCommand.<anonymous clo
sure> (package:flutter_tool
s/src/runner/flutter_comman
d_runner.dart:496:9)
<asynchronous suspension>
#15     AppContext.run.<ano
nymous closure> (package:fl
utter_tools/src/base/contex
t.dart:154:19)
<asynchronous suspension>
#16     FlutterCommandRunne
r.runCommand (package:flutt
er_tools/src/runner/flutter
_command_runner.dart:431:5)
<asynchronous suspension>
#17     FlutterCommandRunne
r.run.<anonymous closure> (
package:flutter_tools/src/r
unner/flutter_command_runne
r.dart:307:33)
<asynchronous suspension>
#18     run.<anonymous clos
ure>.<anonymous closure> (p
ackage:flutter_tools/runner
.dart:104:11)
<asynchronous suspension>
#19     AppContext.run.<ano
nymous closure> (package:fl
utter_tools/src/base/contex
t.dart:154:19)
<asynchronous suspension>
#20     main (package:flutt
er_tools/executable.dart:10
3:3)
<asynchronous suspension>

Compiling lib\main.dart for the Web...                             54.7s
Error: Failed to compile ap
plication for the Web.
